# Kickoff analysis — c2_demo-clang-O0

- format: **ELF**, arch: **x86_64**, size: **16456** bytes
- entry: **0x1070**

## Functions
- discovered: **16** (with blocks: 16, named: 8)
- callgraph edges: **18**
- name sources: analyzer=16

## Type system
- stdlib prototypes loaded: **114**
- DWARF types imported: **0**
- stack slots discovered: **225**
- types propagated: **45**
- auto-struct candidates: **0**

## IOCs (from string scan)
- **domain**: 3
- **email**: 1
- **hostname**: 10
- **ipv4**: 4
- **java_path**: 10
- **path_posix**: 11
- **url**: 2

Examples:
  - `path_posix` `/lib64/ld-linux-x86-64.so.2`  (off `0x318`)
  - `java_path` `lib64/ld-linux-x86-64.so.2`  (off `0x319`)
  - `c_identifier` `lib64`  (off `0x319`)
  - `c_identifier` `ld`  (off `0x31f`)
  - `c_identifier` `linux`  (off `0x322`)
  - `c_identifier` `x86`  (off `0x328`)

_completed in N ms_
