─── stdin (keystrokes piped to glaurung repl) ───
g 0x1200
n demo_static
c 0x1200 called once from main; flags-only side effect
save
q
─── glaurung repl stdout ───
glaurung repl  binary=<repo>/samples/binaries/platforms/linux/amd64/export/native/clang/debug/hello-c-clang-debug
               db=/tmp/tutorial-fixtures/01-repl-tour.glaurung  session='main'
>   0x1200  static_function  (set_by=analyzer)
0x1200>   0x1200 → demo_static
  ── demo_static (post-rename) ──
    fn static_function {
        // x86-64 prologue: save rbp
        ret = (unsigned long)((unsigned int)(*__TMC_END__));
        t30 = ret;
        t33 = ((long)((int)(t30)) < 0);
    ... (10 more lines)
0x1200>   0x1200: called once from main; flags-only side effect
0x1200> saved.
0x1200>
saving and exiting…
