── pseudocode (enclosing function) ──
fn main {
    // x86-64 prologue: save rbp
    t32 = (rsp < 32);
    rsp = (rsp - 32);
    %sf = (rsp < 0);
    %of = (t32 ^ %sf);
    var_4 = 0;
    var_8 = arg0;
    var_10 = arg1;
    ret = printf@plt("Hello, World from C!\n");  // proto: int printf(const char * fmt, ...)
    var_14 = 0;
    var_18 = 0;
    while (1) {
        ret = (unsigned long)((unsigned int)(var_18));
        t11 = var_8;
        t30 = (long)((int)(ret));
        t31 = (long)((int)(t11));
        t35 = (unsigned long)((unsigned int)(ret));
        t36 = (unsigned long)((unsigned int)(t11));
        t32 = (t30 < t31);
        t33 = (ret - t11);
        t134 = (unsigned long)((unsigned int)(t33));
        %sf = ((long)((int)(t33)) < 0);
        %of = (t32 ^ %sf);
        if (((%sf ^ %of) == 0)) {
