── pseudocode (enclosing function) ──
fn main {
    // ── locals (from KB) ─────────────────────────────────
    void *var_1b0;  // -0x1b0  set_by=propagated
    void *var_140;  // -0x140  set_by=propagated
    char *var_110;  // -0x110  set_by=propagated
    // ─────────────────────────────────────────────────

    // x86-64 prologue: save rbp, frame 432 bytes
    var_4 = 0;
    var_8 = arg0;
    var_10 = arg1;
    var0 = printf@plt("Connecting to C2 server...\n");  // proto: int printf(const char * fmt, ...)
    var1 = snprintf@plt(&var_110, 256, "http://%s:8080%s", *C2_DOMAIN, *C2_PATHS);
    var2 = memcpy@plt(&var_140, "https://10.10.10.10:443/malware/update", 39);
    ret = *"ftp://198.51.100.0/dropzone";
    var_160 = ret;
    ret = *"8.51.100.0/dropzone";
    var_158 = ret;
    ret = *".0/dropzone";
    var_150 = ret;
    ret = (unsigned long)((unsigned int)(*"one"));
    var_148 = ret;
    var3 = printf@plt("Primary: %s\n", *PRIMARY_C2_SERVER);  // proto: int printf(const char * fmt, ...)
    var4 = printf@plt("Backup: %s\n", *BACKUP_C2_SERVER);  // proto: int printf(const char * fmt, ...)
    var5 = printf@plt("Domain: %s\n", *C2_DOMAIN);  // proto: int printf(const char * fmt, ...)
