─── stdin (keystrokes piped to glaurung repl) ───
functions
q
─── glaurung repl stdout ───
glaurung repl  binary=<repo>/samples/binaries/platforms/linux/amd64/export/native/clang/O0/c2_demo-clang-O0
               db=/tmp/tutorial-fixtures/02-naming-and-types.glaurung  session='main'
>   16 functions, showing first 20:
    0x1000  _init  (set_by=analyzer)
    0x1020  sub_1020  (set_by=analyzer)
    0x1030  sub_1030  (set_by=analyzer)
    0x1036  sub_1036  (set_by=analyzer)
    0x1040  sub_1040  (set_by=analyzer)
    0x1046  sub_1046  (set_by=analyzer)
    0x1050  sub_1050  (set_by=analyzer)
    0x1056  sub_1056  (set_by=analyzer)
    0x1060  sub_1060  (set_by=analyzer)
    0x1070  _start  (set_by=analyzer)
    0x10a0  deregister_tm_clones  (set_by=analyzer)
    0x10d0  register_tm_clones  (set_by=analyzer)
    0x1110  __do_global_dtors_aux  (set_by=analyzer)
    0x1150  frame_dummy  (set_by=analyzer)
    0x1160  main  (set_by=analyzer)
    0x12e0  _fini  (set_by=analyzer)
>
saving and exiting…
