kind        location        snippet
--------------------------------------------------------------------------------
function    0x1000          _init  (set_by=analyzer)
function    0x1020          sub_1020  (set_by=analyzer)
function    0x1030          sub_1030  (set_by=analyzer)
function    0x1040          sub_1040  (set_by=analyzer)
function    0x1050          sub_1050  (set_by=analyzer)
function    0x1060          sub_1060  (set_by=analyzer)
function    0x1070          sub_1070  (set_by=analyzer)
function    0x1080          sub_1080  (set_by=analyzer)
function    0x1090          sub_1090  (set_by=analyzer)
function    0x10a0          sub_10a0  (set_by=analyzer)
function    0x10b0          sub_10b0  (set_by=analyzer)
function    0x10c0          sub_10c0  (set_by=analyzer)
function    0x10d0          sub_10d0  (set_by=analyzer)
function    0x10e0          sub_10e0  (set_by=analyzer)
function    0x10f0          sub_10f0  (set_by=analyzer)
function    0x1100          _start  (set_by=analyzer)
function    0x1130          deregister_tm_clones  (set_by=analyzer)
function    0x1160          register_tm_clones  (set_by=analyzer)
function    0x11a0          __do_global_dtors_aux  (set_by=analyzer)
function    0x11e0          frame_dummy  (set_by=analyzer)
function    0x11e9          parse_record  (set_by=analyzer)
function    0x12ae          main  (set_by=analyzer)
function    0x1330          _fini  (set_by=analyzer)
