── pseudocode (enclosing function) ──
fn main {
    nop;
    // x86-64 prologue: save rbp
    var_14 = arg0;
    var_20 = arg1;
    t10 = var_14;
    t30 = (long)((int)(t10));
    t35 = (unsigned long)((unsigned int)(t10));
    t32 = (t30 < 1);
    t33 = (t10 - 1);
    %zf = (t35 == 1);
    t134 = (unsigned long)((unsigned int)(t33));
    %sf = ((long)((int)(t33)) < 0);
    %of = (t32 ^ %sf);
    if (((%zf | (%sf ^ %of)) == 0)) {
        ret = var_20;
        ret = *&[ret+0x8];
        var_10 = ret;
        ret = var_20;
        t30 = ret;
        t33 = (t30 < 0);
        t34 = 0;
        ret = (ret + 8);
        t36 = (t33 == t34);
        ret = *&[ret];
        var0 = strlen@plt(ret);  // proto: size_t strlen(const char * s)
        var_8 = var0;
        var1 = var_8;
        ret = var_10;
        parse_record(ret, var1);
