── pseudocode (enclosing function) ──
fn parse_record {
    // ── locals (from KB) ─────────────────────────────────
    size_t var_70;  // -0x070  set_by=propagated
    // ─────────────────────────────────────────────────

    nop;
    // x86-64 prologue: save rbp, frame 112 bytes
    var_68 = arg0;
    var_70 = arg1;
    ret = __stack_chk_guard;
    (&var_50 + 72) = ret;
    ret = 0;
    ret = (unsigned long)((unsigned int)(ret));
    t10 = var_70;
    t33 = t10;
    if ((t10 == 0)) {
        nop;
    } else {
        ret = var_68;
        ret = (unsigned int)((unsigned char)(*&[ret]));
        var_51 = ret;
        ret = (unsigned int)((unsigned char)(var_51));
        var0 = var_70;
        var0 = (var0 - 1);
        t32 = (var0 < ret);
        t33 = (var0 - ret);
        %cf = (var0 u< ret);
        if ((%cf == 0)) {
            ret = var_68;
            var1 = (ret + 1);
